chunk 0: got actions(15, 8) (server dt=425.1ms, round trip=14588.5ms)
  ctrl after chunk 0: [  0.029  -0.026   0.03   -1.734   0.032   1.75   -0.52  255.   ]
chunk 1: got actions(15, 8) (server dt=417.0ms, round trip=13256.0ms)
  ctrl after chunk 1: [  0.038  -0.093   0.021  -1.984   0.08    1.875  -0.52  255.   ]
chunk 2: got actions(15, 8) (server dt=418.2ms, round trip=8169.0ms)
  ctrl after chunk 2: [  0.043  -0.043   0.038  -2.047   0.036   2.     -0.512 255.   ]
chunk 3: got actions(15, 8) (server dt=418.7ms, round trip=9633.9ms)
  ctrl after chunk 3: [ 0.034  0.114  0.044 -1.883  0.03   2.016 -0.52   0.311]
chunk 4: got actions(15, 8) (server dt=419.1ms, round trip=8858.0ms)
  ctrl after chunk 4: [ 0.058 -0.047  0.042 -1.867  0.223  1.797 -0.52   0.934]
chunk 5: got actions(15, 8) (server dt=418.6ms, round trip=12132.1ms)
  ctrl after chunk 5: [ 0.054  0.071  0.065 -1.875  0.025  1.867 -0.523  0.   ]
chunk 6: got actions(15, 8) (server dt=420.8ms, round trip=9435.5ms)
  ctrl after chunk 6: [ 0.037  0.158  0.052 -1.75  -0.003  1.758 -0.52   0.   ]
chunk 7: got actions(15, 8) (server dt=422.5ms, round trip=3713.0ms)
  ctrl after chunk 7: [ 0.041  0.063  0.046 -1.898  0.002  1.891 -0.52   0.   ]
chunk 8: got actions(15, 8) (server dt=421.8ms, round trip=9528.3ms)
  ctrl after chunk 8: [ 0.031  0.161  0.046 -1.945 -0.008  2.031 -0.52  19.533]
chunk 9: got actions(15, 8) (server dt=431.0ms, round trip=3611.7ms)
  ctrl after chunk 9: [ 0.061  0.132  0.094 -1.891  0.028  1.922 -0.523 13.152]
chunk 10: got actions(15, 8) (server dt=420.4ms, round trip=6186.1ms)
  ctrl after chunk 10: [ 0.032  0.088  0.04  -1.836 -0.033  1.844 -0.52   0.35 ]
chunk 11: got actions(15, 8) (server dt=420.7ms, round trip=13372.4ms)
  ctrl after chunk 11: [ 0.006  0.123  0.021 -1.953 -0.145  1.984 -0.52   9.183]
chunk 12: got actions(15, 8) (server dt=419.4ms, round trip=4377.0ms)
  ctrl after chunk 12: [ 0.066  0.027  0.073 -2.    -0.07   1.867 -0.496  2.023]
chunk 13: got actions(15, 8) (server dt=422.5ms, round trip=6760.0ms)
  ctrl after chunk 13: [ 0.061 -0.01   0.068 -2.031  0.002  1.891 -0.52   1.323]
chunk 14: got actions(15, 8) (server dt=420.6ms, round trip=9285.1ms)
  ctrl after chunk 14: [  0.043  -0.001   0.051  -1.961  -0.171   1.789  -0.52  111.438]
chunk 15: got actions(15, 8) (server dt=422.8ms, round trip=8614.8ms)
  ctrl after chunk 15: [ 0.032  0.186  0.075 -2.031 -0.237  2.109 -0.52  35.953]
chunk 16: got actions(15, 8) (server dt=421.9ms, round trip=7036.8ms)
  ctrl after chunk 16: [ 0.081 -0.007  0.112 -2.219 -0.052  2.109 -0.52   0.   ]
chunk 17: got actions(15, 8) (server dt=418.3ms, round trip=6111.5ms)
  ctrl after chunk 17: [ 0.029  0.138  0.054 -1.914 -0.177  1.883 -0.52   0.623]
chunk 18: got actions(15, 8) (server dt=419.9ms, round trip=5738.2ms)
  ctrl after chunk 18: [ 0.038 -0.117  0.041 -2.094  0.004  1.797 -0.52   2.49 ]
chunk 19: got actions(15, 8) (server dt=416.3ms, round trip=2506.7ms)
  ctrl after chunk 19: [ 0.028  0.107  0.053 -1.906 -0.043  1.742 -0.52   2.568]
chunk 20: got actions(15, 8) (server dt=419.7ms, round trip=7582.4ms)
  ctrl after chunk 20: [ 0.036  0.219  0.08  -2.016 -0.115  1.977 -0.52  45.447]
chunk 21: got actions(15, 8) (server dt=417.4ms, round trip=2762.2ms)
  ctrl after chunk 21: [ 0.043  0.188  0.076 -1.977 -0.143  1.945 -0.523  0.934]
chunk 22: got actions(15, 8) (server dt=419.9ms, round trip=4424.3ms)
  ctrl after chunk 22: [ 0.052  0.279  0.117 -1.938 -0.112  1.836 -0.52   1.712]
chunk 23: got actions(15, 8) (server dt=441.5ms, round trip=3701.3ms)
  ctrl after chunk 23: [ 0.021  0.048  0.035 -2.047 -0.041  1.766 -0.52  68.481]
chunk 24: got actions(15, 8) (server dt=421.8ms, round trip=4482.6ms)
  ctrl after chunk 24: [ 0.037  0.33   0.063 -1.945 -0.163  2.234 -0.516 28.638]
chunk 25: got actions(15, 8) (server dt=425.4ms, round trip=8135.4ms)
  ctrl after chunk 25: [-0.003  0.132  0.048 -2.094  0.094  1.914 -0.52   2.957]
chunk 26: got actions(15, 8) (server dt=422.2ms, round trip=5818.0ms)
  ctrl after chunk 26: [ -0.062   0.346   0.025  -1.695   0.162   1.742  -0.52  131.36 ]
chunk 27: got actions(15, 8) (server dt=419.6ms, round trip=12622.4ms)
  ctrl after chunk 27: [ -0.01    0.371   0.054  -1.695  -0.001   1.852  -0.52  138.831]
chunk 28: got actions(15, 8) (server dt=422.7ms, round trip=4097.2ms)
  ctrl after chunk 28: [-0.     0.246  0.07  -1.891  0.059  1.898 -0.52   3.541]
chunk 29: got actions(15, 8) (server dt=423.2ms, round trip=11741.1ms)
  ctrl after chunk 29: [ 0.015  0.258  0.075 -1.891 -0.099  1.906 -0.52   1.012]
chunk 30: got actions(15, 8) (server dt=423.7ms, round trip=14692.6ms)
  ctrl after chunk 30: [-0.011  0.4    0.058 -1.75  -0.068  1.859 -0.52   2.257]
chunk 31: got actions(15, 8) (server dt=422.1ms, round trip=4531.0ms)
  ctrl after chunk 31: [-0.036  0.434  0.056 -1.711 -0.047  1.859 -0.52   2.957]
chunk 32: got actions(15, 8) (server dt=413.9ms, round trip=13889.4ms)
  ctrl after chunk 32: [-0.064  0.176  0.008 -1.938  0.09   2.047 -0.52   1.167]
chunk 33: got actions(15, 8) (server dt=422.1ms, round trip=8351.9ms)
  ctrl after chunk 33: [-0.033  0.416  0.056 -1.797 -0.029  1.961 -0.52   1.401]
chunk 34: got actions(15, 8) (server dt=418.4ms, round trip=3419.6ms)
  ctrl after chunk 34: [ 0.007  0.326  0.083 -1.945 -0.06   1.992 -0.52   0.467]
chunk 35: got actions(15, 8) (server dt=431.0ms, round trip=7116.9ms)
  ctrl after chunk 35: [ 0.009  0.434  0.062 -1.75  -0.223  1.766 -0.52   0.467]
chunk 36: got actions(15, 8) (server dt=420.8ms, round trip=4622.4ms)
  ctrl after chunk 36: [-0.028  0.389  0.067 -1.789 -0.001  1.938 -0.523  2.179]
chunk 37: got actions(15, 8) (server dt=424.2ms, round trip=23785.0ms)
  ctrl after chunk 37: [-0.034  0.219  0.054 -1.922  0.005  1.797 -0.516  3.113]
chunk 38: got actions(15, 8) (server dt=418.9ms, round trip=3796.0ms)
  ctrl after chunk 38: [-0.02   0.305  0.081 -1.867 -0.015  1.914 -0.52   3.424]
chunk 39: got actions(15, 8) (server dt=419.4ms, round trip=9153.4ms)
  ctrl after chunk 39: [-0.015  0.326  0.093 -1.852 -0.037  1.891 -0.52   2.101]
chunk 40: got actions(15, 8) (server dt=423.2ms, round trip=16820.9ms)
  ctrl after chunk 40: [ -0.01    0.367   0.067  -1.836  -0.127   2.016  -0.52  214.16 ]
chunk 41: got actions(15, 8) (server dt=419.1ms, round trip=9492.4ms)
  ctrl after chunk 41: [-0.025  0.295  0.071 -1.836 -0.031  1.883 -0.52   0.778]
chunk 42: got actions(15, 8) (server dt=419.6ms, round trip=7214.2ms)
  ctrl after chunk 42: [ -0.018   0.469   0.07   -1.844  -0.154   1.953  -0.516 145.679]
chunk 43: got actions(15, 8) (server dt=418.9ms, round trip=12316.5ms)
  ctrl after chunk 43: [ -0.031   0.174   0.085  -1.969   0.023   1.914  -0.52  255.   ]
chunk 44: got actions(15, 8) (server dt=418.8ms, round trip=4823.1ms)
  ctrl after chunk 44: [-0.02   0.277  0.057 -2.031 -0.15   1.984 -0.52   2.49 ]
chunk 45: got actions(15, 8) (server dt=421.5ms, round trip=5246.0ms)
  ctrl after chunk 45: [-0.034  0.42   0.049 -1.875 -0.152  1.961 -0.516  2.023]
chunk 46: got actions(15, 8) (server dt=424.8ms, round trip=11391.5ms)
  ctrl after chunk 46: [-0.042  0.449  0.058 -1.836 -0.131  1.922 -0.52   0.545]
chunk 47: got actions(15, 8) (server dt=426.6ms, round trip=20949.0ms)
  ctrl after chunk 47: [-0.004  0.441  0.062 -1.852 -0.139  1.922 -0.52  43.579]
chunk 48: got actions(15, 8) (server dt=420.9ms, round trip=9439.0ms)
  ctrl after chunk 48: [-0.024  0.348  0.059 -1.953 -0.129  1.961 -0.52   0.   ]
chunk 49: got actions(15, 8) (server dt=420.4ms, round trip=3295.5ms)
  ctrl after chunk 49: [-0.012  0.428  0.065 -1.844 -0.208  1.836 -0.52   0.   ]
chunk 50: got actions(15, 8) (server dt=421.6ms, round trip=12146.3ms)
  ctrl after chunk 50: [-0.01   0.428  0.072 -1.898 -0.168  1.93  -0.516  1.245]
chunk 51: got actions(15, 8) (server dt=422.1ms, round trip=6867.6ms)
  ctrl after chunk 51: [ -0.01    0.477   0.074  -1.883  -0.19    1.93   -0.512 151.904]
chunk 52: got actions(15, 8) (server dt=421.0ms, round trip=8258.9ms)
  ctrl after chunk 52: [ -0.016   0.416   0.082  -1.883  -0.141   1.891  -0.52  159.375]
chunk 53: got actions(15, 8) (server dt=422.3ms, round trip=14570.2ms)
  ctrl after chunk 53: [-0.017  0.438  0.076 -1.891 -0.172  1.898 -0.512  0.156]
chunk 54: got actions(15, 8) (server dt=425.1ms, round trip=12990.8ms)
  ctrl after chunk 54: [-0.007  0.492  0.076 -1.883 -0.198  1.867 -0.52   2.957]
chunk 55: got actions(15, 8) (server dt=427.0ms, round trip=11338.2ms)
  ctrl after chunk 55: [-0.02   0.453  0.076 -1.898 -0.168  1.891 -0.516  1.245]
chunk 56: got actions(15, 8) (server dt=430.9ms, round trip=10520.4ms)
  ctrl after chunk 56: [ -0.023   0.459   0.079  -1.852  -0.16    1.875  -0.52  181.787]
chunk 57: got actions(15, 8) (server dt=426.2ms, round trip=28648.0ms)
  ctrl after chunk 57: [-0.024  0.482  0.075 -1.844 -0.169  1.844 -0.516 18.21 ]
chunk 58: got actions(15, 8) (server dt=422.6ms, round trip=7191.6ms)
  ctrl after chunk 58: [ -0.026   0.418   0.084  -1.875  -0.152   1.836  -0.52  183.032]
chunk 59: got actions(15, 8) (server dt=422.6ms, round trip=7344.7ms)
  ctrl after chunk 59: [ -0.033   0.398   0.066  -1.859  -0.155   1.836  -0.52  206.689]
chunk 60: got actions(15, 8) (server dt=420.6ms, round trip=5486.3ms)
  ctrl after chunk 60: [ -0.049   0.297   0.05   -1.82   -0.083   1.828  -0.516 220.386]
chunk 61: got actions(15, 8) (server dt=421.1ms, round trip=10473.7ms)
  ctrl after chunk 61: [ -0.06    0.338   0.029  -1.797  -0.094   1.789  -0.516 220.386]
chunk 62: got actions(15, 8) (server dt=417.9ms, round trip=7842.5ms)
  ctrl after chunk 62: [ -0.066   0.342   0.044  -1.836  -0.09    1.859  -0.516 226.611]
chunk 63: got actions(15, 8) (server dt=419.3ms, round trip=8012.9ms)
  ctrl after chunk 63: [ -0.049   0.312   0.056  -1.867  -0.082   1.852  -0.516 250.269]
chunk 64: got actions(15, 8) (server dt=419.3ms, round trip=13039.8ms)
  ctrl after chunk 64: [ -0.063   0.35    0.048  -1.867  -0.06    1.852  -0.516 255.   ]
chunk 65: got actions(15, 8) (server dt=419.7ms, round trip=3232.5ms)
  ctrl after chunk 65: [-0.048  0.359  0.049 -1.922 -0.103  1.883 -0.52   0.467]
chunk 66: got actions(15, 8) (server dt=419.9ms, round trip=5349.8ms)
  ctrl after chunk 66: [ -0.056   0.377   0.045  -1.883  -0.092   1.805  -0.52  255.   ]
chunk 67: got actions(15, 8) (server dt=418.5ms, round trip=5642.4ms)
  ctrl after chunk 67: [ -0.062   0.285   0.022  -1.695  -0.032   1.742  -0.516 255.   ]
chunk 68: got actions(15, 8) (server dt=420.5ms, round trip=6462.7ms)
  ctrl after chunk 68: [ -0.104   0.354  -0.02   -1.68   -0.031   1.758  -0.512 255.   ]
chunk 69: got actions(15, 8) (server dt=419.1ms, round trip=4483.3ms)
  ctrl after chunk 69: [ -0.044   0.283   0.042  -1.82   -0.076   1.805  -0.52  220.386]
chunk 70: got actions(15, 8) (server dt=494.6ms, round trip=17278.2ms)
  ctrl after chunk 70: [-0.074  0.363  0.022 -1.883 -0.101  1.945 -0.52   2.179]
chunk 71: got actions(15, 8) (server dt=422.6ms, round trip=17246.3ms)
  ctrl after chunk 71: [-0.062  0.363  0.028 -1.805 -0.079  1.758 -0.52   0.   ]
chunk 72: got actions(15, 8) (server dt=421.3ms, round trip=5414.8ms)
  ctrl after chunk 72: [ -0.088   0.312   0.013  -1.734   0.028   1.742  -0.52  255.   ]
chunk 73: got actions(15, 8) (server dt=422.2ms, round trip=4589.1ms)
  ctrl after chunk 73: [-0.064  0.383  0.039 -1.82  -0.075  1.773 -0.52   1.245]
chunk 74: got actions(15, 8) (server dt=420.7ms, round trip=8291.7ms)
  ctrl after chunk 74: [ -0.087   0.346   0.028  -1.57    0.22    1.742  -0.516 241.553]
chunk 75: got actions(15, 8) (server dt=416.6ms, round trip=9352.6ms)
  ctrl after chunk 75: [-0.069  0.344  0.021 -1.664 -0.005  1.82  -0.52   1.556]
chunk 76: got actions(15, 8) (server dt=418.1ms, round trip=7885.1ms)
  ctrl after chunk 76: [ -0.08    0.279   0.018  -1.617   0.084   1.742  -0.52  227.856]
chunk 77: got actions(15, 8) (server dt=418.9ms, round trip=8776.7ms)
  ctrl after chunk 77: [-0.04   0.357  0.033 -1.703 -0.027  1.75  -0.52   0.   ]
chunk 78: got actions(15, 8) (server dt=416.5ms, round trip=9089.1ms)
  ctrl after chunk 78: [-0.072  0.275  0.012 -1.68   0.007  1.75  -0.52   1.868]
chunk 79: got actions(15, 8) (server dt=418.9ms, round trip=2493.1ms)
  ctrl after chunk 79: [-0.063  0.293  0.027 -1.797  0.039  1.742 -0.523 25.214]
chunk 80: got actions(15, 8) (server dt=420.9ms, round trip=4699.7ms)
  ctrl after chunk 80: [ -0.083   0.305   0.027  -1.633   0.181   1.742  -0.52  191.748]
chunk 81: got actions(15, 8) (server dt=417.6ms, round trip=8351.9ms)
  ctrl after chunk 81: [-0.064  0.357  0.016 -1.789 -0.025  1.93  -0.52  13.696]
chunk 82: got actions(15, 8) (server dt=418.6ms, round trip=7121.1ms)
  ctrl after chunk 82: [-0.085  0.434  0.018 -1.672  0.029  1.766 -0.52  10.583]
chunk 83: got actions(15, 8) (server dt=425.0ms, round trip=16280.8ms)
  ctrl after chunk 83: [-0.077  0.338  0.027 -1.711  0.044  1.789 -0.52   0.345]
chunk 84: got actions(15, 8) (server dt=423.7ms, round trip=15510.9ms)
  ctrl after chunk 84: [-0.075  0.342  0.024 -1.703  0.063  1.82  -0.523  5.914]
chunk 85: got actions(15, 8) (server dt=420.7ms, round trip=4784.1ms)
  ctrl after chunk 85: [-0.09   0.359  0.015 -1.672  0.073  1.742 -0.52   1.167]
chunk 86: got actions(15, 8) (server dt=420.2ms, round trip=9381.7ms)
  ctrl after chunk 86: [-0.067  0.279  0.028 -1.867  0.116  1.805 -0.52   0.311]
chunk 87: got actions(15, 8) (server dt=421.7ms, round trip=3633.3ms)
  ctrl after chunk 87: [-0.049  0.363  0.036 -1.867  0.045  1.969 -0.52   0.623]
chunk 88: got actions(15, 8) (server dt=421.4ms, round trip=6717.4ms)
  ctrl after chunk 88: [-0.057  0.475  0.046 -1.734 -0.018  1.82  -0.523  0.   ]
chunk 89: got actions(15, 8) (server dt=421.9ms, round trip=5562.2ms)
  ctrl after chunk 89: [-0.053  0.4    0.037 -1.805 -0.017  1.852 -0.52   0.   ]
chunk 90: got actions(15, 8) (server dt=422.3ms, round trip=12575.5ms)
  ctrl after chunk 90: [-0.047  0.33   0.044 -1.773  0.052  1.867 -0.523  0.156]
chunk 91: got actions(15, 8) (server dt=423.1ms, round trip=13033.7ms)
  ctrl after chunk 91: [-0.074  0.367  0.057 -1.773  0.107  1.914 -0.523  1.868]
chunk 92: got actions(15, 8) (server dt=420.4ms, round trip=12122.3ms)
  ctrl after chunk 92: [-0.071  0.438  0.05  -1.711  0.038  1.945 -0.52   2.49 ]
chunk 93: got actions(15, 8) (server dt=422.3ms, round trip=10071.1ms)
  ctrl after chunk 93: [-0.077  0.354  0.052 -1.766  0.058  1.797 -0.52   3.58 ]
chunk 94: got actions(15, 8) (server dt=421.9ms, round trip=4558.0ms)
  ctrl after chunk 94: [-0.073  0.436  0.047 -1.719  0.063  1.852 -0.516  2.646]
chunk 95: got actions(15, 8) (server dt=418.9ms, round trip=8012.7ms)
  ctrl after chunk 95: [-0.071  0.475  0.046 -1.688  0.031  1.898 -0.52   5.447]
chunk 96: got actions(15, 8) (server dt=420.9ms, round trip=15000.4ms)
  ctrl after chunk 96: [-0.058  0.453  0.04  -1.703 -0.002  1.945 -0.52   2.023]
chunk 97: got actions(15, 8) (server dt=420.3ms, round trip=5821.0ms)
  ctrl after chunk 97: [-0.081  0.418  0.065 -1.766  0.036  1.984 -0.52   1.868]
chunk 98: got actions(15, 8) (server dt=419.9ms, round trip=10542.5ms)
  ctrl after chunk 98: [-0.065  0.443  0.061 -1.727  0.012  1.914 -0.523  2.802]
chunk 99: got actions(15, 8) (server dt=420.6ms, round trip=12036.6ms)
  ctrl after chunk 99: [-0.071  0.465  0.051 -1.695 -0.019  1.93  -0.52   4.98 ]
chunk 100: got actions(15, 8) (server dt=420.6ms, round trip=8861.8ms)
  ctrl after chunk 100: [-0.063  0.357  0.058 -1.844  0.014  1.977 -0.52   0.233]
chunk 101: got actions(15, 8) (server dt=418.7ms, round trip=4538.1ms)
  ctrl after chunk 101: [-0.031  0.367  0.076 -1.805  0.011  2.031 -0.52   2.023]
chunk 102: got actions(15, 8) (server dt=421.0ms, round trip=6092.6ms)
  ctrl after chunk 102: [-0.071  0.484  0.048 -1.711 -0.043  1.945 -0.523  2.179]
chunk 103: got actions(15, 8) (server dt=423.8ms, round trip=5573.1ms)
  ctrl after chunk 103: [-0.066  0.346  0.09  -1.836  0.061  2.031 -0.516  1.323]
chunk 104: got actions(15, 8) (server dt=421.5ms, round trip=12658.9ms)
  ctrl after chunk 104: [-0.082  0.398  0.062 -1.703  0.033  1.93  -0.52   1.323]
chunk 105: got actions(15, 8) (server dt=422.0ms, round trip=12437.6ms)
  ctrl after chunk 105: [-0.057  0.484  0.065 -1.703 -0.023  1.93  -0.516  2.179]
chunk 106: got actions(15, 8) (server dt=419.4ms, round trip=5577.4ms)
  ctrl after chunk 106: [-0.06   0.52   0.063 -1.641 -0.029  1.945 -0.52   1.556]
chunk 107: got actions(15, 8) (server dt=419.4ms, round trip=6279.4ms)
  ctrl after chunk 107: [-0.072  0.445  0.085 -1.711 -0.002  1.945 -0.52   1.245]
chunk 108: got actions(15, 8) (server dt=426.2ms, round trip=16269.5ms)
  ctrl after chunk 108: [-0.081  0.441  0.058 -1.727  0.001  1.945 -0.52   3.852]
chunk 109: got actions(15, 8) (server dt=425.2ms, round trip=16850.1ms)
  ctrl after chunk 109: [-0.072  0.416  0.066 -1.766 -0.002  1.945 -0.52   1.323]
chunk 110: got actions(15, 8) (server dt=420.4ms, round trip=12246.6ms)
  ctrl after chunk 110: [-0.076  0.391  0.065 -1.711  0.04   1.922 -0.52   1.556]
chunk 111: got actions(15, 8) (server dt=424.1ms, round trip=17218.3ms)
  ctrl after chunk 111: [-0.094  0.504  0.06  -1.656  0.021  1.93  -0.523  2.14 ]
chunk 112: got actions(15, 8) (server dt=421.4ms, round trip=7524.9ms)
  ctrl after chunk 112: [-0.08   0.334  0.059 -1.695  0.031  1.812 -0.512  1.556]
chunk 113: got actions(15, 8) (server dt=423.5ms, round trip=21315.0ms)
  ctrl after chunk 113: [-0.054  0.486  0.073 -1.656 -0.024  1.906 -0.52   1.556]
chunk 114: got actions(15, 8) (server dt=422.2ms, round trip=4456.3ms)
  ctrl after chunk 114: [-0.067  0.434  0.061 -1.75  -0.029  2.    -0.52   2.296]
chunk 115: got actions(15, 8) (server dt=420.4ms, round trip=5830.0ms)
  ctrl after chunk 115: [-0.071  0.432  0.07  -1.727 -0.004  1.961 -0.52   2.023]
chunk 116: got actions(15, 8) (server dt=425.6ms, round trip=15004.9ms)
  ctrl after chunk 116: [-0.072  0.334  0.071 -1.797  0.016  1.961 -0.52   1.265]
chunk 117: got actions(15, 8) (server dt=421.2ms, round trip=13810.8ms)
  ctrl after chunk 117: [-0.091  0.42   0.062 -1.609  0.076  1.828 -0.512  2.49 ]
chunk 118: got actions(15, 8) (server dt=422.9ms, round trip=12773.8ms)
  ctrl after chunk 118: [-0.086  0.432  0.075 -1.711  0.035  1.945 -0.523  2.023]
chunk 119: got actions(15, 8) (server dt=423.6ms, round trip=18949.0ms)
  ctrl after chunk 119: [-0.099  0.469  0.072 -1.648  0.054  1.883 -0.52   1.79 ]
chunk 120: got actions(15, 8) (server dt=419.6ms, round trip=12425.6ms)
  ctrl after chunk 120: [-0.076  0.4    0.083 -1.781  0.032  2.    -0.52   1.294]
chunk 121: got actions(15, 8) (server dt=421.5ms, round trip=10425.5ms)
  ctrl after chunk 121: [-0.085  0.438  0.071 -1.766  0.02   2.047 -0.52   1.556]
chunk 122: got actions(15, 8) (server dt=421.1ms, round trip=10519.8ms)
  ctrl after chunk 122: [-0.085  0.465  0.066 -1.719  0.014  2.016 -0.516  0.778]
chunk 123: got actions(15, 8) (server dt=420.3ms, round trip=11041.0ms)
  ctrl after chunk 123: [-0.072  0.467  0.064 -1.766 -0.013  2.062 -0.52   0.623]
chunk 124: got actions(15, 8) (server dt=420.9ms, round trip=15375.0ms)
  ctrl after chunk 124: [-0.089  0.408  0.075 -1.867  0.087  2.031 -0.52   0.778]
chunk 125: got actions(15, 8) (server dt=423.1ms, round trip=5732.0ms)
  ctrl after chunk 125: [-0.09   0.289  0.071 -1.859  0.104  1.984 -0.52   0.545]
chunk 126: got actions(15, 8) (server dt=421.2ms, round trip=4495.1ms)
  ctrl after chunk 126: [-0.088  0.316  0.043 -1.75   0.161  1.891 -0.52   0.934]
chunk 127: got actions(15, 8) (server dt=426.1ms, round trip=22158.2ms)
  ctrl after chunk 127: [-0.093  0.498  0.06  -1.75   0.053  2.094 -0.52   2.802]
chunk 128: got actions(15, 8) (server dt=420.5ms, round trip=15483.7ms)
  ctrl after chunk 128: [-0.112  0.566  0.034 -1.539  0.135  1.859 -0.498  0.934]
chunk 129: got actions(15, 8) (server dt=422.1ms, round trip=15907.1ms)
  ctrl after chunk 129: [-0.052  0.33   0.07  -1.984 -0.055  2.203 -0.516  0.   ]
chunk 130: got actions(15, 8) (server dt=420.9ms, round trip=4815.8ms)
  ctrl after chunk 130: [-0.09   0.475  0.054 -1.742  0.057  1.992 -0.52   1.44 ]
chunk 131: got actions(15, 8) (server dt=421.5ms, round trip=4231.2ms)
  ctrl after chunk 131: [-0.095  0.404  0.054 -1.672  0.188  1.93  -0.516  0.311]
chunk 132: got actions(15, 8) (server dt=421.9ms, round trip=7076.1ms)
  ctrl after chunk 132: [-0.077  0.432  0.086 -1.82   0.079  2.078 -0.52   1.868]
chunk 133: got actions(15, 8) (server dt=422.6ms, round trip=15144.8ms)
  ctrl after chunk 133: [-0.094  0.527  0.056 -1.609  0.09   2.016 -0.512  1.206]
chunk 134: got actions(15, 8) (server dt=422.4ms, round trip=12073.3ms)
  ctrl after chunk 134: [-0.074  0.449  0.07  -1.836  0.066  2.094 -0.516  0.623]
chunk 135: got actions(15, 8) (server dt=424.5ms, round trip=18686.4ms)
  ctrl after chunk 135: [-0.083  0.418  0.074 -1.828  0.043  2.047 -0.52   0.175]
chunk 136: got actions(15, 8) (server dt=422.1ms, round trip=9053.2ms)
  ctrl after chunk 136: [-0.105  0.436  0.07  -1.758  0.115  2.031 -0.523  0.467]
chunk 137: got actions(15, 8) (server dt=422.1ms, round trip=11556.8ms)
  ctrl after chunk 137: [-0.086  0.465  0.046 -1.766  0.053  2.078 -0.52   1.556]
chunk 138: got actions(15, 8) (server dt=422.9ms, round trip=13500.0ms)
  ctrl after chunk 138: [-0.088  0.523  0.052 -1.672  0.055  2.    -0.52   0.623]
chunk 139: got actions(15, 8) (server dt=422.5ms, round trip=5098.9ms)
  ctrl after chunk 139: [ -0.078   0.441   0.063  -1.836   0.046   2.125  -0.52  255.   ]
chunk 140: got actions(15, 8) (server dt=428.6ms, round trip=16856.0ms)
  ctrl after chunk 140: [-0.05   0.352  0.048 -1.797 -0.044  2.156 -0.516  2.802]
chunk 141: got actions(15, 8) (server dt=419.3ms, round trip=6298.1ms)
  ctrl after chunk 141: [-0.081  0.424  0.042 -1.766 -0.041  2.047 -0.52   1.751]
chunk 142: got actions(15, 8) (server dt=426.3ms, round trip=11342.3ms)
  ctrl after chunk 142: [-0.113  0.299  0.056 -1.805  0.06   1.906 -0.52   2.335]
chunk 143: got actions(15, 8) (server dt=421.3ms, round trip=3229.8ms)
  ctrl after chunk 143: [-0.069  0.527 -0.002 -1.766 -0.139  2.188 -0.516  1.556]
chunk 144: got actions(15, 8) (server dt=422.2ms, round trip=15305.3ms)
  ctrl after chunk 144: [-0.09   0.354  0.083 -1.797  0.069  1.969 -0.52   1.226]
chunk 145: got actions(15, 8) (server dt=418.3ms, round trip=11243.5ms)
  ctrl after chunk 145: [-0.072  0.342  0.094 -1.836 -0.036  2.    -0.52   0.331]
chunk 146: got actions(15, 8) (server dt=418.0ms, round trip=8454.0ms)
  ctrl after chunk 146: [-0.083  0.531  0.031 -1.703 -0.057  2.078 -0.516  2.802]
chunk 147: got actions(15, 8) (server dt=415.4ms, round trip=13640.0ms)
  ctrl after chunk 147: [-0.081  0.527  0.045 -1.688 -0.1    2.078 -0.52   3.735]
chunk 148: got actions(15, 8) (server dt=417.8ms, round trip=11776.6ms)
  ctrl after chunk 148: [-0.081  0.354  0.079 -1.805  0.013  2.031 -0.52   1.556]
chunk 149: got actions(15, 8) (server dt=419.7ms, round trip=4143.0ms)
  ctrl after chunk 149: [-0.066  0.398  0.039 -1.82  -0.097  2.062 -0.52   1.089]
chunk 150: got actions(15, 8) (server dt=418.7ms, round trip=6123.4ms)
  ctrl after chunk 150: [-0.096  0.393  0.102 -1.82   0.091  1.953 -0.516  1.556]
chunk 151: got actions(15, 8) (server dt=422.3ms, round trip=17329.2ms)
  ctrl after chunk 151: [-0.123  0.279  0.037 -1.75   0.103  1.789 -0.52   0.934]
chunk 152: got actions(15, 8) (server dt=419.7ms, round trip=13986.3ms)
  ctrl after chunk 152: [-0.101  0.375  0.066 -1.758  0.02   1.961 -0.52   1.323]
chunk 153: got actions(15, 8) (server dt=427.3ms, round trip=18099.0ms)
  ctrl after chunk 153: [-0.081  0.379  0.07  -1.812 -0.028  2.062 -0.516  0.   ]
chunk 154: got actions(15, 8) (server dt=422.1ms, round trip=15603.5ms)
  ctrl after chunk 154: [-0.096  0.424  0.056 -1.688  0.036  1.938 -0.516  1.089]
chunk 155: got actions(15, 8) (server dt=419.3ms, round trip=9126.0ms)
  ctrl after chunk 155: [-0.109  0.248  0.056 -1.93   0.056  2.109 -0.512  1.206]
chunk 156: got actions(15, 8) (server dt=598.0ms, round trip=14659.9ms)
  ctrl after chunk 156: [-0.109  0.404  0.076 -1.781  0.059  2.    -0.52   2.023]
chunk 157: got actions(15, 8) (server dt=419.1ms, round trip=7828.4ms)
  ctrl after chunk 157: [-0.08   0.492  0.045 -1.711 -0.036  2.078 -0.52   2.802]
chunk 158: got actions(15, 8) (server dt=418.3ms, round trip=13188.9ms)
  ctrl after chunk 158: [-0.131  0.434  0.071 -1.734  0.203  1.969 -0.52   1.907]
chunk 159: got actions(15, 8) (server dt=421.1ms, round trip=9323.5ms)
  ctrl after chunk 159: [-0.092  0.465  0.049 -1.844 -0.016  2.062 -0.516  1.323]
chunk 160: got actions(15, 8) (server dt=417.5ms, round trip=11596.2ms)
  ctrl after chunk 160: [-0.085  0.412  0.054 -1.82  -0.01   2.094 -0.52   1.401]
chunk 161: got actions(15, 8) (server dt=417.5ms, round trip=2883.1ms)
  ctrl after chunk 161: [-0.09   0.289  0.06  -1.875  0.156  2.078 -0.516  1.517]
chunk 162: got actions(15, 8) (server dt=418.8ms, round trip=10550.7ms)
  ctrl after chunk 162: [-0.109  0.354  0.044 -1.789  0.057  1.992 -0.52   1.245]
chunk 163: got actions(15, 8) (server dt=417.5ms, round trip=14914.2ms)
  ctrl after chunk 163: [ -0.046   0.527   0.046  -1.641  -0.075   2.047  -0.516 144.434]
chunk 164: got actions(15, 8) (server dt=417.8ms, round trip=8097.2ms)
  ctrl after chunk 164: [-0.078  0.357  0.063 -1.852 -0.013  2.094 -0.52   3.385]
chunk 165: got actions(15, 8) (server dt=417.5ms, round trip=13293.2ms)
  ctrl after chunk 165: [-0.069  0.391  0.061 -1.836 -0.045  2.031 -0.52   3.268]
chunk 166: got actions(15, 8) (server dt=422.7ms, round trip=21205.6ms)
  ctrl after chunk 166: [-0.09   0.363  0.065 -1.789  0.009  2.    -0.52   1.556]
chunk 167: got actions(15, 8) (server dt=419.4ms, round trip=10224.8ms)
  ctrl after chunk 167: [-0.061  0.516  0.027 -1.773 -0.225  2.062 -0.52   3.949]
chunk 168: got actions(15, 8) (server dt=418.6ms, round trip=3406.3ms)
  ctrl after chunk 168: [-0.076  0.385 -0.042 -1.883 -0.147  1.953 -0.5    2.335]
chunk 169: got actions(15, 8) (server dt=422.6ms, round trip=25260.4ms)
  ctrl after chunk 169: [ -0.051   0.566  -0.003  -1.688  -0.279   2.047  -0.52  123.267]
chunk 170: got actions(15, 8) (server dt=416.7ms, round trip=13605.4ms)
  ctrl after chunk 170: [-0.004  0.363  0.031 -1.719 -0.324  1.82  -0.52   0.   ]
chunk 171: got actions(15, 8) (server dt=419.7ms, round trip=11500.3ms)
  ctrl after chunk 171: [ -0.025   0.479   0.052  -1.75   -0.183   2.016  -0.52  148.792]
chunk 172: got actions(15, 8) (server dt=423.3ms, round trip=22434.4ms)
  ctrl after chunk 172: [ -0.003   0.574   0.07   -1.625  -0.159   1.852  -0.52  144.434]
chunk 173: got actions(15, 8) (server dt=419.5ms, round trip=4515.5ms)
  ctrl after chunk 173: [ -0.035   0.477   0.072  -1.719  -0.162   1.93   -0.52  163.11 ]
chunk 174: got actions(15, 8) (server dt=422.8ms, round trip=18446.5ms)
  ctrl after chunk 174: [-0.024  0.52   0.05  -1.75  -0.217  1.969 -0.52  76.886]
chunk 175: got actions(15, 8) (server dt=421.6ms, round trip=11668.4ms)
  ctrl after chunk 175: [-0.011  0.504  0.052 -1.734 -0.208  1.805 -0.516 13.385]
chunk 176: got actions(15, 8) (server dt=421.7ms, round trip=18919.9ms)
  ctrl after chunk 176: [-0.026  0.562  0.055 -1.656 -0.186  1.859 -0.52   1.245]
chunk 177: got actions(15, 8) (server dt=422.1ms, round trip=5907.1ms)
  ctrl after chunk 177: [-0.021  0.566  0.067 -1.602 -0.168  1.852 -0.52   0.   ]
chunk 178: got actions(15, 8) (server dt=419.7ms, round trip=8801.9ms)
  ctrl after chunk 178: [ -0.028   0.547   0.063  -1.695  -0.177   1.898  -0.52  144.434]
chunk 179: got actions(15, 8) (server dt=424.9ms, round trip=16132.0ms)
  ctrl after chunk 179: [ 0.006  0.539  0.087 -1.695 -0.216  1.859 -0.52  21.79 ]
chunk 180: got actions(15, 8) (server dt=422.1ms, round trip=5128.7ms)
  ctrl after chunk 180: [-0.008  0.547  0.063 -1.703 -0.199  1.867 -0.52   0.623]
chunk 181: got actions(15, 8) (server dt=424.7ms, round trip=16420.2ms)
  ctrl after chunk 181: [  0.005   0.535   0.06   -1.664  -0.219   1.805  -0.52  127.002]
chunk 182: got actions(15, 8) (server dt=419.1ms, round trip=8544.1ms)
  ctrl after chunk 182: [-0.013  0.504  0.061 -1.742 -0.208  1.852 -0.52  36.42 ]
chunk 183: got actions(15, 8) (server dt=420.1ms, round trip=13621.7ms)
  ctrl after chunk 183: [-0.004  0.523  0.054 -1.727 -0.216  1.852 -0.52   0.   ]
chunk 184: got actions(15, 8) (server dt=421.0ms, round trip=2816.9ms)
  ctrl after chunk 184: [ -0.004   0.465   0.07   -1.734  -0.199   1.883  -0.52  237.817]
chunk 185: got actions(15, 8) (server dt=420.7ms, round trip=12207.3ms)
  ctrl after chunk 185: [  0.01    0.443   0.065  -1.742  -0.223   1.906  -0.52  255.   ]
chunk 186: got actions(15, 8) (server dt=419.9ms, round trip=13717.9ms)
  ctrl after chunk 186: [ 0.002  0.492  0.053 -1.75  -0.23   1.898 -0.52   0.   ]
chunk 187: got actions(15, 8) (server dt=420.8ms, round trip=3553.1ms)
  ctrl after chunk 187: [ 0.011  0.467  0.054 -1.758 -0.196  1.867 -0.52   0.   ]
chunk 188: got actions(15, 8) (server dt=423.9ms, round trip=16904.4ms)
  ctrl after chunk 188: [-0.018  0.459  0.053 -1.773 -0.195  1.898 -0.52   0.302]
chunk 189: got actions(15, 8) (server dt=422.6ms, round trip=9458.0ms)
  ctrl after chunk 189: [  0.007   0.434   0.059  -1.758  -0.231   1.805  -0.52  255.   ]
chunk 190: got actions(15, 8) (server dt=422.0ms, round trip=11691.2ms)
  ctrl after chunk 190: [-0.017  0.449  0.063 -1.828 -0.212  1.969 -0.516  0.778]
chunk 191: got actions(15, 8) (server dt=433.2ms, round trip=12789.3ms)
  ctrl after chunk 191: [-0.007  0.492  0.06  -1.75  -0.212  1.852 -0.52   2.49 ]
chunk 192: got actions(15, 8) (server dt=420.3ms, round trip=5266.3ms)
  ctrl after chunk 192: [-0.075  0.428  0.043 -1.867 -0.169  1.945 -0.52   0.934]
chunk 193: got actions(15, 8) (server dt=427.1ms, round trip=16103.7ms)
  ctrl after chunk 193: [-0.024  0.486  0.065 -1.766 -0.188  1.891 -0.52   1.245]
chunk 194: got actions(15, 8) (server dt=420.0ms, round trip=13683.3ms)
  ctrl after chunk 194: [ -0.022   0.459   0.067  -1.766  -0.154   1.844  -0.52  255.   ]
chunk 195: got actions(15, 8) (server dt=435.2ms, round trip=9633.0ms)
  ctrl after chunk 195: [-0.033  0.49   0.068 -1.773 -0.169  1.891 -0.52   0.7  ]
chunk 196: got actions(15, 8) (server dt=425.9ms, round trip=6112.2ms)
  ctrl after chunk 196: [-0.014  0.477  0.068 -1.789 -0.234  1.891 -0.52   0.195]
chunk 197: got actions(15, 8) (server dt=465.5ms, round trip=7004.1ms)
  ctrl after chunk 197: [ -0.027   0.492   0.079  -1.797  -0.178   1.898  -0.52  255.   ]
chunk 198: got actions(15, 8) (server dt=432.2ms, round trip=12123.6ms)
  ctrl after chunk 198: [ -0.029   0.49    0.058  -1.773  -0.2     1.836  -0.52  242.798]
chunk 199: got actions(15, 8) (server dt=424.6ms, round trip=11235.0ms)
  ctrl after chunk 199: [ -0.015   0.547   0.061  -1.75   -0.227   1.852  -0.516 115.796]
chunk 200: got actions(15, 8) (server dt=419.2ms, round trip=13652.6ms)
  ctrl after chunk 200: [ -0.029   0.436   0.049  -1.789  -0.201   1.867  -0.52  255.   ]
chunk 201: got actions(15, 8) (server dt=420.6ms, round trip=5202.8ms)
  ctrl after chunk 201: [ -0.021   0.484   0.06   -1.75   -0.206   1.812  -0.52  220.386]
chunk 202: got actions(15, 8) (server dt=457.9ms, round trip=17674.7ms)
  ctrl after chunk 202: [ -0.058   0.461   0.047  -1.758  -0.161   1.844  -0.523 255.   ]
chunk 203: got actions(15, 8) (server dt=426.9ms, round trip=8567.7ms)
  ctrl after chunk 203: [ -0.033   0.492   0.053  -1.773  -0.189   1.844  -0.52  110.815]
chunk 204: got actions(15, 8) (server dt=440.0ms, round trip=6689.0ms)
  ctrl after chunk 204: [ -0.027   0.424   0.046  -1.758  -0.2     1.805  -0.52  255.   ]
chunk 205: got actions(15, 8) (server dt=419.7ms, round trip=7291.2ms)
  ctrl after chunk 205: [ -0.026   0.49    0.052  -1.75   -0.203   1.789  -0.516 165.601]
chunk 206: got actions(15, 8) (server dt=419.7ms, round trip=24607.4ms)
  ctrl after chunk 206: [ -0.043   0.42    0.044  -1.672  -0.171   1.75   -0.516 255.   ]
chunk 207: got actions(15, 8) (server dt=414.7ms, round trip=10452.4ms)
  ctrl after chunk 207: [-0.023  0.486  0.052 -1.758 -0.209  1.805 -0.516 53.229]
chunk 208: got actions(15, 8) (server dt=424.3ms, round trip=21437.6ms)
  ctrl after chunk 208: [-0.027  0.416  0.04  -1.781 -0.221  1.812 -0.512 90.894]
chunk 209: got actions(15, 8) (server dt=421.4ms, round trip=8496.1ms)
  ctrl after chunk 209: [ -0.037   0.4     0.046  -1.742  -0.188   1.781  -0.512 255.   ]
chunk 210: got actions(15, 8) (server dt=420.9ms, round trip=7265.2ms)
  ctrl after chunk 210: [ -0.045   0.305   0.043  -1.656  -0.056   1.75   -0.516 255.   ]
chunk 211: got actions(15, 8) (server dt=420.8ms, round trip=14719.2ms)
  ctrl after chunk 211: [ -0.05    0.336   0.043  -1.672  -0.059   1.742  -0.512 255.   ]
chunk 212: got actions(15, 8) (server dt=423.4ms, round trip=22409.0ms)
  ctrl after chunk 212: [ -0.055   0.344   0.041  -1.727  -0.083   1.75   -0.52  255.   ]
chunk 213: got actions(15, 8) (server dt=418.4ms, round trip=6666.8ms)